dgdfcdaagcce aahgdhgcfhhe
acabcdbdcfab acfhfggdbaff bfbedbdbbcbe
ggbgacdbhbde eceadfdfegce begffcgabceg gfcbhagaehee ccegfdccaacf
gfahdfhfcbhd ebcceeffbffa
ebdgghadfhec
faecfgfdadfe
bgfagggadhfh
adgedfdfeefc geagbhabcgaa hdadeddhefge echffaccagfb fgdchafgfabe
make: `acfhfggdbaff' is up to date.
bghhdbecahgb
eahbehbbfcgh
cgbhcbcbehfg ehaefhbaehca dhegegchcgbf fefdaaefgafa
adddbchehfgg
ghdfhhbfbagf bghebdheecag caagfehhbche
dcahbeceadeh
gfegbgfgfadb
fcfdaffddfda
ddbagcghcfhg aeeagbafcfbb
ddbdfefgcgcd
beecdgdgcfef ceghfhfgbgdd hcchdghfecdh
hbcbbfhgcbaf
make: `beecdgdgcfef' is up to date.
aeheefdgbfdb hefddfagdfda hgfcggcdbcfh
edbbbdfcahca hdbfaahgbadc
make: `ggbgacdbhbde' is up to date.
ggafddhhghdg
efbgdbcdehag
make: `gfegbgfgfadb' is up to date.
make: `hbcbbfhgcbaf' is up to date.
make: `fgdchafgfabe' is up to date.
cedafccfhggc chebghbdfgfd behdacfffadh hedcdhfhgcae
make: `fcfdaffddfda' is up to date.
dhdcbedbbgac
hbhbacadbeab bhcbcfcdehde
make: `ghdfhhbfbagf' is up to date.
make: `aeheefdgbfdb' is up to date.
make: `ccegfdccaacf' is up to date.
fgedcfdcbdgg
make: `eceadfdfegce' is up to date.
make: `fcfdaffddfda' is up to date.
gdfcfbeedgea gdacdfhcacdd fddhbcgedefa
make: `chebghbdfgfd' is up to date.
afhdcgbgdghh
aaagebeefbfd
make: `bhcbcfcdehde' is up to date.
make: `ceghfhfgbgdd' is up to date.
adeggfebaege hedhbfchabec
fagdeabfabdh geffdehcccgd cfebdcahaabh
make: `fagdeabfabdh' is up to date.
make: `ceghfhfgbgdd' is up to date.
make: `eceadfdfegce' is up to date.
fcdbeedhahdc
hbgcdaefabcg
dbafhccfdbaf
make: `adeggfebaege' is up to date.
make: `ebcceeffbffa' is up to date.
make: `adgedfdfeefc' is up to date.
abdcgcabbdhd fefbdgebgaec fecfehagbgeb
efggfhabfhge
ccfbfghdgghg
ddchhgcfdcbd
make: `echffaccagfb' is up to date.
make: `hbgcdaefabcg' is up to date.
make: `eceadfdfegce' is up to date.
make: `beecdgdgcfef' is up to date.
dgaefgcaadad
hfafabbefdcg
make: `fecfehagbgeb' is up to date.
make: `ehaefhbaehca' is up to date.
make: `geagbhabcgaa' is up to date.
make: `adgedfdfeefc' is up to date.
make: `edbbbdfcahca' is up to date.
agdgfcefbehe
bdgahgbgedba
make: `hbgcdaefabcg' is up to date.
make: `bghebdheecag' is up to date.
make: `aeheefdgbfdb' is up to date.
make: `edbbbdfcahca' is up to date.
make: `fecfehagbgeb' is up to date.
make: `hcchdghfecdh' is up to date.
make: `hgfcggcdbcfh' is up to date.
agcbdafcdbea
make: `abdcgcabbdhd' is up to date.
make: `fagdeabfabdh' is up to date.
ccbedbfebheb
dehccfggeagg
make: `abdcgcabbdhd' is up to date.
make: `hbhbacadbeab' is up to date.
make: `aeeagbafcfbb' is up to date.
make: `fefdaaefgafa' is up to date.
make: `hcchdghfecdh' is up to date.
make: `gdfcfbeedgea' is up to date.
fddahgfcfbbb faeadachccfh
make: `bfbedbdbbcbe' is up to date.
make: `echffaccagfb' is up to date.
make: `adgedfdfeefc' is up to date.
make: `ebdgghadfhec' is up to date.
dhbhahddbchb
make: `eahbehbbfcgh' is up to date.
make: `hedcdhfhgcae' is up to date.
