dacebbdefbhg hhbeaaebchbh acaegheadhad dabbebfhcacg hedbdeahhade dbbahgdadgee ehfcfgcfhceh
fdcfbghhceeh
efegcgfghaha hfgahchaaedd afaggadfbbcg
acghedacbade hfbffdcgfegf dahgceeffgaf baedgbdcfage afdefegcadeb ecaahefcfech
ggdcfcdghfac hhcceeecfahg hhdhahfcfdba eghfdhbdahhb affcgbfeehdc gcbbdhdggfab fafhcfffgeda
aagbhdbagdge gfehachbbhda dhgbebfebbge bhbefhcdgbfh ceheagdcgagd
adgeabdfgbaf bedaggagefdd fhebgcaaaadd ddabdhdedeca gghbcfcghhfg ebhhegfgcchf chhgebhcccfe
eeegecefeaec cghgdbeehhcd ehcahcbefdbc hbfcedefbgea dbfbdfcbcfaa bbbfgdafhffe eccefdccefcg
fhddffheehcf fhecdfaabdba hehdebhhahbh aahcgcehegca
ehgfgddhbhdg fgcgbhbabcfc gdehebfaegda
ffahfbagfgdg agfdhafdedeh dbdggffbfbgg dfcbegcffhbg hcacadaegage
bcdegdgahafb gehddeebcfce
bgfceabccgcc fdcdbbacghah bdhbaaddbddg cfebhghcbaef
dabcedbfchae fgbhahheegdg hebfbgdcfadb
bcccccehffhf ebfcbaacegea cegdcfacbahe dbageehgchge hhggababedac cbgffdccgbag bhabgahhdhcf
bggbhhebgaha gdfcbhcdedfh cdeebagedgeg heahfcegbeab ecghahfahdhe
edgefecfagee dghbbceddccg cdgedchabfbd
aabfcbchcfge feffebdffeab gebgfaffcdfb hghffdbgecec feeehgbhbchf
beeddbdefcbh hebhehdffeed feefdffbhcfc ggeefchedbdd fegfhagbehae ghecfafdccff
efghefafhgag ghbcfdgeagdc bgeefagghdgh ggghcghgbcea abhfcbghadch
ecaddaghbghd deddhdhecahb eaegbceafbba gbcgbhgdhcfa dcafgeabbagf
make: `afdefegcadeb' is up to date.
hhbbffhcgdeh
ghdghecdaabd ddhbehbffcdb eaacdhgbheah afgddfcgcdab
dggcfbbhgebd aghabcadhgeh dccgbdbcbhbe bbfcabgeccfe
hefbfeachhge gcgdcecfdhhc
haggffbbcbhg aachgecbcdha edeedahacege
dcahgfbfdhhg egbhcddhggcd
cheabacgbddh dgfdahbhddag
ggbfgacbcadh gddehcgdgcah ehagegfecghb
bbecaghaadca
make: `ceheagdcgagd' is up to date.
affaffbfbfdb gfhgchgdbhdh bbbffhhgceda
aaaafacgbggd ffdcgbdfedhe fhhcbefcgbac bchgfechaggf gbddbgbghedc
eaggcdbfefdf
make: `adgeabdfgbaf' is up to date.
make: `bdhbaaddbddg' is up to date.
ghebbcfecfhf edcaaadbgfbf
deechebbaafa fcgaaaggehef
ceafehffgded eacdafcbdegf efhcehabhebc ccbgbgcdghed hefhdabbfgac
hebdgbbcggbg
ccgabeehgcda fdccafghahgf feefhhggddff
hdagfaeadcca
gffgahdcfhgf
bgdagghbdccb
egeedcadgefb chbfgbebegdb hdabadabhchf
make: `efhcehabhebc' is up to date.
bfebfgabdddb bchbcddeddba deffdbefefbg cadecbfgedag
make: `bbfcabgeccfe' is up to date.
geecfabfgdbh
cdachadhcccf cfcbgachdhdc ccdhacbhgffa
beeccahfbdeh habgfcfbbgbb
cfecfagcbbgb
gcdfbefadabd fbdhddfgagab defhgaaffhgc ahcdgecaaffc hgbcbfbchgdg dgbcdachacfe
gahcacefcehb adchgcdabhdh
dgheeehdaecf fgadedahdece bfbfchadchgg
gbdeeeffhcfg
abdahdgdgfdf bgdhgecdcgcc
cfccgdgafcgb ahgbfdbgdaef ecbdafbabchb
hbegdbgdbdce fddbfgeeaadg
gffbdgdhddgc ccacdbegebcg acfgdhcceech hcedbgfbcbeg hbdeccgfeddf
make: `ehagegfecghb' is up to date.
dgcdgcehfgeb fhaabdbbgbgd
afebgaegagfh
aeaechfaahgb abdbdbgfehbf ccgdfbghbcae
dbabafdecedf
aafedggghghb
bbhddbdffded
ceefhghdafbb ahggbcfgfbcg ffhahbghggde
hfcaedcaegdc
daaafdfdgfbf hecghcafdcae aeghghgdehdb
gcegfdgdhbga edgaggcaaaaa
ebebffegdefa ahcdececcbec cdaceebcgcab
ccgdegcaahea dhgffcdbgghd
make: `edgefecfagee' is up to date.
feefecaegebc
dcdfgaegfhae
gaecbdffbggd dggabhgcehff
ageecfhfchee bchafedbafhg
fghcahbcaacd ghabcbffbagf fhdceeefgffb dahhffcdache
hhbhccfacagd
make: `ccgdegcaahea' is up to date.
cfggadbheeab
ecbggcacdbcf dcgfdffabfbh gcebhdfahebf
hagfgafcbfef
dagghhecfdde efcahhehbehb
make: `feefhhggddff' is up to date.
aeecgcchehdf ehgebfgchdhg dcebcafbccee ecbadabgacdb gcebfdgcbgfc
make: `hcacadaegage' is up to date.
cccfegbhahea agbefccbfdee
gfbecacfbfhd cdbaceefdhbg
gddfhdhchbhe ddabfcbcdeag bbgfggecaedf ghagfhefhbhc
hchcbhbaaebe
eecdcdgagcah haaecbbdeaaf
fegdccgdafec ghdecefhebag
eaedgbghdbch ddeaeaacchgg babdcfacffgb caaacbehgfcf
efgfaacehefb
dgeabdecdgbg bfcdhfhccgaf
faaabcbdddgb
cdaabbdghdae
make: `feeehgbhbchf' is up to date.
ebhbegdhdafg febdhcfaafba eeebgcaabebh
make: `fegfhagbehae' is up to date.
hbdadecgafcb fahfccchgagf dacedbbcaadd
make: `cfccgdgafcgb' is up to date.
gbbadfghgddf adfccdcafada ddeghdhdbaba
make: `hhcceeecfahg' is up to date.
fehaeeaeccbc bfecaefbgcef
bfcbcbeedede defdhadfhage
daacadchdche gfcbgabgfbge
ccchddfhcdhf hbcfeafabeaa fghfbebgfcef hfeagdbbfaef
fdhgddfhcece
ahdabdfefagc
bbefddbdddha gbhcbdehfdgf
make: `edeedahacege' is up to date.
fhghccffgabf
make: `ghebbcfecfhf' is up to date.
eehfaehfedfh bdchfaabcgfh fcbaedccbggb hcccaffcddec
make: `cdaceebcgcab' is up to date.
fcehddhafedc dbhacfghfghc hhcdccabghch
bfebhechgggc ccgabbachddg
ggfhfgbdbdeb ffccbgchccgg
afhhedbdggfd bafbdgchfbff ffgbbfabccec abbafggfffcc
hggghggaadch
ehcgaggfgdah edcceceagdfh eeafddfdaafc aadehhbadehe
make: `dbageehgchge' is up to date.
hcefaaeeebcg
edafaehgbaec
make: `gcegfdgdhbga' is up to date.
dccechgadfdg gdffgcbefdgh dbbegaabchgh bafebgcdffgf hdcgaehhcdbe cfbfhfccaebd
bgfbdeggaagg
make: `hdcgaehhcdbe' is up to date.
dabffghadegd gccfgedfgcbc
aceadfhfaaae
hafgedcbabdb
ghdhfbagghha
dhhghdaadebg
ehabfccbbhga
baafhfdfhdch
deeafdeegfdg bhgdgfhffche fddfgdggggee
make: `gebgfaffcdfb' is up to date.
dehbggdhaahe fhfehfcfbgeb
make: `dccechgadfdg' is up to date.
hdgfgeahgbab gfcgfddacegd dbdgfehghfdc
ggbaghddbafb fhdgbbcacgbg cabhdfadbfee
dbgggghfhadc chbageefcedb gagddgcaaccd
eheafagaafgc fecfceeadbea
bebdbhfehech
eecfagceacbd
bheaeehgdebh bdffdgehfgfd
make: `feeehgbhbchf' is up to date.
ebfcdgfebebc hdbbfcdcedec
fccededehbcg
make: `bfcdhfhccgaf' is up to date.
heabhdggbhgg fcedhgafghbf
hbcdggbcabde
aadahgeedhce
make: `hebfbgdcfadb' is up to date.
make: `ehgfgddhbhdg' is up to date.
chgdefgfeddb
gfgeaghfhhba
make: `beeccahfbdeh' is up to date.
dagdfebgcaeh ehgecccegaca
becbhbdaebce
acdhfbaeabde efgachcgcddb
make: `cfbfhfccaebd' is up to date.
fgcgbcdcadcb
eeedhhcadghc agdddaeeebgh hfeheeggfaef
fdcbffcgegbh
chedbfgbdhbb
bfbedbbcebgg
aehhcfefbfff
fdchbcbeeagb fgddfggeechb hfgdfcaedaah
bfacfbcehaah cbhcbbahfefa
edffgchehhgb
begfgcagcdef fbdfdfcehgac deggdgbhfcdg
agegafefacea
hhdgdbbcgggg
hbgfffdchbea
make: `bhgdgfhffche' is up to date.
bdfcefadecge
edbaffehehge ahfdffaeffcg
make: `dahgceeffgaf' is up to date.
make: `afaggadfbbcg' is up to date.
dffebfcefdde acfdfbafaegd
make: `hfbffdcgfegf' is up to date.
make: `fbdhddfgagab' is up to date.
fabgbcfacddb
aefeccaaegcd
bfbcffdafcfh
make: `gcbbdhdggfab' is up to date.
edbaebgbfeae ahdegdegbgah
eheffbfhgeec dbcfgbhhfcda
dfagfcdfhfdc
bdggfdffacfh
dgaeagfdedeg
make: `dgfdahbhddag' is up to date.
make: `fbdfdfcehgac' is up to date.
make: `bchgfechaggf' is up to date.
make: `eeedhhcadghc' is up to date.
gbeehhbhbhdg
cbdadcecheed
affghfbcddac
cahheecghcea cghhadabeefh
cahehbhegcgd cfhfcaegghed
cdeddbdhffaf hcehfbebaffh
addhadeehfec
afechcgcfabd hfecfahcbhhd
make: `ccgabeehgcda' is up to date.
fbgfhfadceed gcagfhcfccgd febacagfhhcg bbefcgfabfed
ffgbbaafcchf eeffaaddbghc
afbgbgbfchea
bbdgfeagadff chgcaehcfhfc
hddfeheehfba
daffedchdffb edecagbgdhdg gbghdcdbadbc aadgbedgcfeg
make: `fhecdfaabdba' is up to date.
dfhaheeeedga
make: `bbefddbdddha' is up to date.
make: `deeafdeegfdg' is up to date.
dfghfccffdcd dhcbhgffgcce
make: `edgefecfagee' is up to date.
dgchabafcghe
dfghaddfaaba
dfeghdfdbbag
make: `ecbggcacdbcf' is up to date.
make: `ahggbcfgfbcg' is up to date.
edgaebeafcaf deeadhchdacf febfgafhgaba cfgeaebcgaeg bgebcdbfbgbc
make: `fhddffheehcf' is up to date.
make: `bfbcffdafcfh' is up to date.
daeffebcbfga
cahcbbhfeafc gafddfbfecce
eaacfhgdbabc
gbhcgdhhceef
make: `afgddfcgcdab' is up to date.
make: `acghedacbade' is up to date.
bfgabhgdbcbb
make: `fabgbcfacddb' is up to date.
make: `gcegfdgdhbga' is up to date.
gcebceaeagcf gegbbecddhgh achedfbffaec
bccbdbaaffhg
cfgeechedecd
make: `dehbggdhaahe' is up to date.
make: `cfgeechedecd' is up to date.
afhdhgbgfhfd egdecgehdggb egchgddabehe
make: `ehcahcbefdbc' is up to date.
acdcdbacbecf fggbabcbaace
daedaeehcddb
make: `bhgdgfhffche' is up to date.
hgbdhfdhhdea chbfaebbdgfh
aggececeaggc bdbaefgcaeec
gabacaagcccd
make: `hhcceeecfahg' is up to date.
gbhedfdgdhdd afahfaccechc bdbcdhhaaghc
make: `ecaahefcfech' is up to date.
make: `bchafedbafhg' is up to date.
dffcechcdeff
make: `gdehebfaegda' is up to date.
make: `ggfhfgbdbdeb' is up to date.
chagfbfdbgbb
ffaefeeagbae cechheabahdc
eabebfddgaff
fedhebhfcadf
bhdgbfhebfhg
dafehdehagac habbfhbbaddg
make: `eeffaaddbghc' is up to date.
ahhabdebcgdd
bhheegbabhgc
fhhcfcbfffad bgchgghfgegd
make: `gbhedfdgdhdd' is up to date.
ccfceceghchh dchdeghefchb dhahfceecbga
make: `fcgaaaggehef' is up to date.
bchgebhafdcf
make: `cbdadcecheed' is up to date.
fcfcdhbegegf dgfgaedaddce
ahdfeeacgeac cehbbfgdfbbg
gedcehdehhfb efbafbagdhhb adbaaggaeaca
chcaabgfhage feaebcgbagea
make: `dcgfdffabfbh' is up to date.
adebchghcfcg
fdbdbacahacd eafhdbehgafe
make: `cghhadabeefh' is up to date.
afhddbfdfgcf
hhdgfbdggdab
make: `ecbggcacdbcf' is up to date.
cccbaaebdbcd fhcgahedbceg
ffhbbhhdfecb
gdhcdbceacah
cahfghabdedf cdagcceebbed
hgaedhghgfge ffddfdgecaac
ggbdgdhfehcc
make: `dacebbdefbhg' is up to date.
make: `cbhcbbahfefa' is up to date.
fedcaaffgfah
make: `bhbefhcdgbfh' is up to date.
make: `achedfbffaec' is up to date.
effccehefagg aeddccfdbeah
make: `aehhcfefbfff' is up to date.
ebeecdcggfad hhfdgadeggdb
make: `efegcgfghaha' is up to date.
cgabchehfabh agcfeahgggdf
fadbeecdehbg
bfaggaecdaec
make: `dgheeehdaecf' is up to date.
make: `gedcehdehhfb' is up to date.
bababaddaddh
make: `hdcgaehhcdbe' is up to date.
aaffhecgchab
make: `fecfceeadbea' is up to date.
make: `bdffdgehfgfd' is up to date.
make: `dgfgaedaddce' is up to date.
make: `beeccahfbdeh' is up to date.
make: `aabfcbchcfge' is up to date.
make: `edffgchehhgb' is up to date.
hdhaehcgacbe
make: `aahcgcehegca' is up to date.
make: `ebfcbaacegea' is up to date.
agedefdacdhg
hcbgegbeecca
make: `defhgaaffhgc' is up to date.
make: `dbhacfghfghc' is up to date.
make: `dfghaddfaaba' is up to date.
bbcafbhfbbda
ecghbgedahfe hhaehfgbagac cggdbdeddfdf dagccegdefcb
make: `bbcafbhfbbda' is up to date.
hahdfghhgfdh
make: `eeffaaddbghc' is up to date.
eeehfcbagbbh bgfgbacadccg
make: `acfdfbafaegd' is up to date.
dehfhcdfeceh
make: `feefdffbhcfc' is up to date.
egdcafgeccgh
make: `ghdhfbagghha' is up to date.
ccdefbgbfada
fcbgbhbedded dbghhachbdcf eeeafagghagb
hhcdaebdddaf bcbhccfgdfhh hbfbhahceghc ghaababaaabg
make: `bcbhccfgdfhh' is up to date.
make: `bchafedbafhg' is up to date.
eeffbggdfgdg
hcefhgcbebdg ceabggfcafha
dcebeghhdffc bfhheabhdfcb
make: `hhbhccfacagd' is up to date.
make: `fcfcdhbegegf' is up to date.
ggeafcghdbga
make: `gffgahdcfhgf' is up to date.
make: `geecfabfgdbh' is up to date.
make: `fhcgahedbceg' is up to date.
make: `hdhaehcgacbe' is up to date.
afghgcfabcfa aadfhheecegf
chagcbgdgdce chdgaghbefac
becffabahgec
cgfhafhhaagf ddhcfbaegaaa
febedaccbgeh
gbbaagdceaba cgbhgebcbade
make: `agbefccbfdee' is up to date.
make: `fbgfhfadceed' is up to date.
make: `hdagfaeadcca' is up to date.
gdfgahghbdeg
make: `bfecaefbgcef' is up to date.
make: `fdbdbacahacd' is up to date.
fahddgefghbg
ghbdfeccgdgd
make: `haggffbbcbhg' is up to date.
hdebchbegaab chgafeffachd bagffbeeegec
fhebbgachdeb
make: `dfhaheeeedga' is up to date.
ecdeacgffccd gaedbgbaheha
make: `febedaccbgeh' is up to date.
ahaafdffhheg fechfccbdece
make: `dfghfccffdcd' is up to date.
make: `ehgecccegaca' is up to date.
make: `febfgafhgaba' is up to date.
aggechhfhhea
make: `fhdceeefgffb' is up to date.
make: `ghdecefhebag' is up to date.
chfhceefhhgg chcfceebhdfe cdbgagfcfccf hbgghehgghed
make: `hggghggaadch' is up to date.
make: `fcgaaaggehef' is up to date.
make: `dffebfcefdde' is up to date.
make: `gbeehhbhbhdg' is up to date.
make: `fghcahbcaacd' is up to date.
make: `fcbgbhbedded' is up to date.
make: `ccchddfhcdhf' is up to date.
make: `gcegfdgdhbga' is up to date.
make: `fcfcdhbegegf' is up to date.
make: `gfcgfddacegd' is up to date.
bdcacdcghfbe
make: `gaecbdffbggd' is up to date.
make: `cheabacgbddh' is up to date.
agfbehebgdhb
make: `bedaggagefdd' is up to date.
hcgebcbecacg bhdeabgebgaa
afgbcfhabdbf
make: `dgfdahbhddag' is up to date.
gdchdbhcacac
make: `cfgeechedecd' is up to date.
bahfgdbbbabf adbdcfbcbagd
make: `eeffaaddbghc' is up to date.
make: `febedaccbgeh' is up to date.
make: `beeccahfbdeh' is up to date.
ahcebeadbfbh
make: `babdcfacffgb' is up to date.
make: `febfgafhgaba' is up to date.
make: `dfhaheeeedga' is up to date.
make: `cdagcceebbed' is up to date.
hbhagffhdgad
make: `bgdhgecdcgcc' is up to date.
ffabfbbcaebd
make: `fhebgcaaaadd' is up to date.
make: `fddbfgeeaadg' is up to date.
hdbgeefghhea bffgbcbhgagg cacaafbgffdh
eaghbecgcghb
make: `feefhhggddff' is up to date.
adbbhcbgddac
make: `afgddfcgcdab' is up to date.
make: `bbefddbdddha' is up to date.
make: `aahcgcehegca' is up to date.
make: `gdchdbhcacac' is up to date.
make: `acfgdhcceech' is up to date.
make: `hahdfghhgfdh' is up to date.
ggfghdfbffee
hhgdgcedfhbf ahbcacfaacbb
make: `hbfcedefbgea' is up to date.
make: `fadbeecdehbg' is up to date.
make: `dghbbceddccg' is up to date.
ehbabbabbfbe
make: `ffahfbagfgdg' is up to date.
bfahhedgdhda
make: `fgadedahdece' is up to date.
adfccdaacgfg gbgbggeabged
make: `deeadhchdacf' is up to date.
ggdgaggbaheg
make: `bafebgcdffgf' is up to date.
make: `gcagfhcfccgd' is up to date.
acfegccfebge
make: `febfgafhgaba' is up to date.
make: `agfbehebgdhb' is up to date.
make: `ccgdegcaahea' is up to date.
make: `hbhagffhdgad' is up to date.
make: `hhggababedac' is up to date.
make: `fcgaaaggehef' is up to date.
make: `dgfdahbhddag' is up to date.
ghbaegfbaeaa
hgbeeceaeghh
fefddahehbfg daeceacdefea
dhdhebfdagah
make: `cheabacgbddh' is up to date.
make: `dabbebfhcacg' is up to date.
make: `ceafehffgded' is up to date.
make: `bdhbaaddbddg' is up to date.
make: `bbhddbdffded' is up to date.
hfeghbddcaed acfghfeedhca
make: `cccbaaebdbcd' is up to date.
efceghbggecd hebfbgfgghdb
make: `cccfegbhahea' is up to date.
adcehghhbhda dhbfdafhefgc
make: `ggbfgacbcadh' is up to date.
dfdfdbcdhcfc ffcafffhcbcb gdfchahdfbae
make: `ghebbcfecfhf' is up to date.
make: `gbhcgdhhceef' is up to date.
make: `dcebcafbccee' is up to date.
make: `eeffbggdfgdg' is up to date.
make: `dabcedbfchae' is up to date.
make: `acfgdhcceech' is up to date.
dbbghaefgcha
make: `gbhcbdehfdgf' is up to date.
eddffhaggeae
bcgbdghhdgbf ecehcheadfff
dgeahafbfdec
make: `ahcdgecaaffc' is up to date.
make: `dahhffcdache' is up to date.
make: `gahcacefcehb' is up to date.
egdfdcfddcgf
hedbghdcfeec fcbggfcbdehf
ggababfebefh
make: `dccechgadfdg' is up to date.
aahghehdcdca
make: `ffahfbagfgdg' is up to date.
make: `fcfcdhbegegf' is up to date.
make: `eabebfddgaff' is up to date.
make: `cechheabahdc' is up to date.
make: `deffdbefefbg' is up to date.
make: `eehfaehfedfh' is up to date.
dfeecceagbfc
make: `bdggfdffacfh' is up to date.
achgefhgfcch
make: `gdhcdbceacah' is up to date.
baabgaeaahhd
make: `bdbaefgcaeec' is up to date.
make: `afgbcfhabdbf' is up to date.
make: `ceheagdcgagd' is up to date.
make: `cdaabbdghdae' is up to date.
fbahcgegbefe eacgabfdgedd
dfhgaabceeah
hgadhgfgbfhc
make: `ggdgaggbaheg' is up to date.
ccceedbchcbc
bbcgahdgbhcg
make: `agfdhafdedeh' is up to date.
fgbgdgedcafg
dcbafgefecag dfabeffbadfa
make: `ecbggcacdbcf' is up to date.
make: `fcgaaaggehef' is up to date.
make: `ccgdegcaahea' is up to date.
make: `gfgeaghfhhba' is up to date.
make: `gffgahdcfhgf' is up to date.
make: `hdcgaehhcdbe' is up to date.
ahachcehfhha bafcggfegaeg
hceddaehccec behbdgahgdfd
make: `fddfgdggggee' is up to date.
make: `ggbdgdhfehcc' is up to date.
make: `efghefafhgag' is up to date.
make: `afbgbgbfchea' is up to date.
gghgebbccafc abgeffhdgfgf
make: `dfghaddfaaba' is up to date.
make: `ghdecefhebag' is up to date.
make: `gfhgchgdbhdh' is up to date.
make: `gaecbdffbggd' is up to date.
eefhdbfagfeb
make: `fbdfdfcehgac' is up to date.
make: `afhddbfdfgcf' is up to date.
make: `acfegccfebge' is up to date.
make: `fhcgahedbceg' is up to date.
fefegadchdac
make: `dcebcafbccee' is up to date.
make: `chhgebhcccfe' is up to date.
make: `ecehcheadfff' is up to date.
bahacgahfbea
make: `hdhaehcgacbe' is up to date.
make: `haaecbbdeaaf' is up to date.
make: `afaggadfbbcg' is up to date.
hceghccecdag
make: `gbdeeeffhcfg' is up to date.
make: `ceefhghdafbb' is up to date.
make: `ehgebfgchdhg' is up to date.
make: `adfccdcafada' is up to date.
make: `fcbggfcbdehf' is up to date.
efhchhbgcbge gbadeccdeebh
make: `eeeafagghagb' is up to date.
make: `gdhcdbceacah' is up to date.
make: `fdcdbbacghah' is up to date.
bagbhfceacba
make: `habgfcfbbgbb' is up to date.
make: `eeffaaddbghc' is up to date.
make: `ggbaghddbafb' is up to date.
make: `gbbadfghgddf' is up to date.
bheebabdfcah
make: `ecaddaghbghd' is up to date.
ddbaebbcgbda
fdcdbedgefde
fdbhcbccegae
make: `baedgbdcfage' is up to date.
badchceafaea
make: `ggfghdfbffee' is up to date.
fcafdehfafcg
make: `dafehdehagac' is up to date.
make: `bcdegdgahafb' is up to date.
make: `dagdfebgcaeh' is up to date.
ghhbeafddeca
make: `hfeghbddcaed' is up to date.
make: `gbghdcdbadbc' is up to date.
gaghcbgdbgff
make: `ecbggcacdbcf' is up to date.
make: `hfgahchaaedd' is up to date.
gchbdddhfdab gbgdachbeecf
make: `adfccdcafada' is up to date.
make: `bgebcdbfbgbc' is up to date.
gbhbfffbaehh aaabhafbdfgg dcbcgcebggbe
make: `hehdebhhahbh' is up to date.
make: `dcgfdffabfbh' is up to date.
make: `badchceafaea' is up to date.
make: `cdaabbdghdae' is up to date.
make: `ehgebfgchdhg' is up to date.
make: `dbcfgbhhfcda' is up to date.
make: `fhhcbefcgbac' is up to date.
make: `hdabadabhchf' is up to date.
make: `cadecbfgedag' is up to date.
make: `bhdeabgebgaa' is up to date.
make: `ehcgaggfgdah' is up to date.
make: `dffcechcdeff' is up to date.
make: `cbdadcecheed' is up to date.
becdhbdbcece fgccaggfheec
heafahdbfgdb
make: `gcgdcecfdhhc' is up to date.
ddhehcgcafhc
make: `bdbaefgcaeec' is up to date.
make: `bhabgahhdhcf' is up to date.
ebagdfehcceb
fchfefhhhdfb fbbfgahacghg
hbhebdcbchhd
make: `chgcaehcfhfc' is up to date.
dhddhhdbcfgd
baacfbcdcafa gecahfdcgfff
gebdhhedfdad
fdhbcgdafeee
make: `hfgdfcaedaah' is up to date.
make: `fdhgddfhcece' is up to date.
make: `cgfhafhhaagf' is up to date.
make: `bcccccehffhf' is up to date.
dfcdecbadhhh bdedeadhgdca
facfecchgbff ggbadaebbbeb
make: `ddabfcbcdeag' is up to date.
make: `bchbcddeddba' is up to date.
hcbehagafgff
make: `bfacfbcehaah' is up to date.
make: `ddhcfbaegaaa' is up to date.
make: `hhdhahfcfdba' is up to date.
ggghdbffggcd befcaegeedhd
make: `ahdabdfefagc' is up to date.
make: `abdahdgdgfdf' is up to date.
make: `hhdhahfcfdba' is up to date.
make: `cdaabbdghdae' is up to date.
make: `fhhcbefcgbac' is up to date.
make: `hdbgeefghhea' is up to date.
gfahhbhghbbc
make: `ffhbbhhdfecb' is up to date.
make: `bgeefagghdgh' is up to date.
fcddhfdbbhgf
facaggbcfaeb
bbdaaacbadba bfahdgacfahb
make: `ggeafcghdbga' is up to date.
agfdadefhede
make: `dfcdecbadhhh' is up to date.
make: `baafhfdfhdch' is up to date.
edeegfhhagag ffhecchadcfh
make: `cbgffdccgbag' is up to date.
agddcgechchb acfdeaagcbda fcdhgbaafhhc
cddebddhaacf ffadaaadfahh
gdaccffecdad afhfcgagabde
make: `bchgebhafdcf' is up to date.
geddfgfehegb
make: `gdfgahghbdeg' is up to date.
fegcaaaefdbg
make: `adcehghhbhda' is up to date.
fagccbegfead
make: `hecghcafdcae' is up to date.
make: `dafehdehagac' is up to date.
make: `hebfbgdcfadb' is up to date.
aechaagafcee
make: `fdccafghahgf' is up to date.
make: `aadahgeedhce' is up to date.
make: `gccfgedfgcbc' is up to date.
make: `agddcgechchb' is up to date.
make: `daaafdfdgfbf' is up to date.
bahfehhchcfc
gadbbdgcafbf
make: `ehbabbabbfbe' is up to date.
beagadghfdff
make: `fadbeecdehbg' is up to date.
make: `afgddfcgcdab' is up to date.
make: `acfegccfebge' is up to date.
bbdhggefgfaa
ghedadacgegb
make: `cfbfhfccaebd' is up to date.
make: `ccacdbegebcg' is up to date.
acfcbcdhhafa
ahghchhdbbdc
make: `hcehfbebaffh' is up to date.
make: `ghedadacgegb' is up to date.
bchadffbhdcb gcfcdbbddafb acdheefcfhed
make: `fbahcgegbefe' is up to date.
make: `acdhfbaeabde' is up to date.
hfafefdabhhh
make: `acfghfeedhca' is up to date.
make: `hdcgaehhcdbe' is up to date.
make: `dcbafgefecag' is up to date.
ggccghbfgchd dcaeaccdegee chhbdhbecdbd
make: `cegdcfacbahe' is up to date.
make: `dhddhhdbcfgd' is up to date.
make: `dccgbdbcbhbe' is up to date.
make: `edeedahacege' is up to date.
make: `aechaagafcee' is up to date.
make: `hgbdhfdhhdea' is up to date.
make: `ecghahfahdhe' is up to date.
cchcbbhhbdfa eeacfacaeecf agfegaahfhbc
make: `cbgffdccgbag' is up to date.
make: `gcbbdhdggfab' is up to date.
cbfdefdagbdf
make: `dfagfcdfhfdc' is up to date.
make: `hebfbgdcfadb' is up to date.
make: `aechaagafcee' is up to date.
make: `fccededehbcg' is up to date.
cfbhbgfgccgf
make: `geecfabfgdbh' is up to date.
make: `bafcggfegaeg' is up to date.
make: `hgbdhfdhhdea' is up to date.
fchfadggbfge
make: `dabffghadegd' is up to date.
make: `ahhabdebcgdd' is up to date.
febegghagceb
make: `ggfhfgbdbdeb' is up to date.
make: `bgfbdeggaagg' is up to date.
make: `fadbeecdehbg' is up to date.
make: `fcehddhafedc' is up to date.
make: `hafgedcbabdb' is up to date.
make: `fahfccchgagf' is up to date.
make: `ehfcfgcfhceh' is up to date.
make: `babdcfacffgb' is up to date.
hdbcfcgccbge
make: `chhbdhbecdbd' is up to date.
make: `hgadhgfgbfhc' is up to date.
make: `bdfcefadecge' is up to date.
make: `feffebdffeab' is up to date.
eeeffdefadbg
gecbcaaefeba
fgdfhfabhggd
fahacfgfhaeb
bafdaccdgbbd gbeeafeggdef cgfghddhdgea
make: `feaebcgbagea' is up to date.
make: `bdggfdffacfh' is up to date.
make: `cccbaaebdbcd' is up to date.
make: `edeedahacege' is up to date.
make: `hcefhgcbebdg' is up to date.
ddadeaegggdb
ecaghghcdfbh
fdcgdahgcbhh
make: `efbafbagdhhb' is up to date.
make: `cfbfhfccaebd' is up to date.
bdhadaccdehe
make: `adfccdaacgfg' is up to date.
ghhdbcbhhgcc
hbeafccdfafh
egchdghgffcc
make: `eafhdbehgafe' is up to date.
cbgcfcebfgbe
make: `bheaeehgdebh' is up to date.
make: `dabffghadegd' is up to date.
adhhdfbcahha
make: `eeedhhcadghc' is up to date.
make: `ddhcfbaegaaa' is up to date.
hefebfeeabha ebdhadceehab
make: `bdcacdcghfbe' is up to date.
make: `ffcafffhcbcb' is up to date.
make: `cechheabahdc' is up to date.
ahehaacdabff
make: `fhaabdbbgbgd' is up to date.
dgebbhcfheag
make: `fbdfdfcehgac' is up to date.
make: `agbefccbfdee' is up to date.
make: `bahacgahfbea' is up to date.
make: `bhdeabgebgaa' is up to date.
chfdchgahgge
make: `heabhdggbhgg' is up to date.
make: `gfgeaghfhhba' is up to date.
make: `cggdbdeddfdf' is up to date.
make: `ffadaaadfahh' is up to date.
make: `bbecaghaadca' is up to date.
make: `bcccccehffhf' is up to date.
make: `ecaghghcdfbh' is up to date.
make: `ecghahfahdhe' is up to date.
dedhaadhebgh
dfebhgabehee fggfgehgbbhb
hgahchbccchb
cghgdbgagghh gffbhcfabbef cdaddeacceff ebfbghhgedcc
make: `gafddfbfecce' is up to date.
make: `eeeafagghagb' is up to date.
make: `chdgaghbefac' is up to date.
hedcfbfheaab
make: `efceghbggecd' is up to date.
make: `ccbgbgcdghed' is up to date.
aeceahbeedae
make: `heabhdggbhgg' is up to date.
make: `ecghahfahdhe' is up to date.
make: `fggfgehgbbhb' is up to date.
ggdhcgabffga
cdbgfgadfdba
make: `aeghghgdehdb' is up to date.
make: `ddhehcgcafhc' is up to date.
fegcgfbeaecb faecdbedabeb
make: `hhdgdbbcgggg' is up to date.
make: `babdcfacffgb' is up to date.
make: `acfcbcdhhafa' is up to date.
make: `gbgdachbeecf' is up to date.
make: `ahhabdebcgdd' is up to date.
make: `hcgebcbecacg' is up to date.
make: `ceafehffgded' is up to date.
make: `acfdeaagcbda' is up to date.
make: `dccgbdbcbhbe' is up to date.
make: `ccgabeehgcda' is up to date.
make: `fhcgahedbceg' is up to date.
make: `gcgdcecfdhhc' is up to date.
make: `hebdgbbcggbg' is up to date.
make: `gddfhdhchbhe' is up to date.
make: `fgccaggfheec' is up to date.
make: `ggbfgacbcadh' is up to date.
aabhfgbbgbea
make: `ecdeacgffccd' is up to date.
eeecdfhgdeec
make: `dahhffcdache' is up to date.
make: `chcaabgfhage' is up to date.
make: `ahdfeeacgeac' is up to date.
make: `fdcfbghhceeh' is up to date.
make: `fbdfdfcehgac' is up to date.
make: `haaecbbdeaaf' is up to date.
gfdebbhfdbbg
make: `cdbgagfcfccf' is up to date.
make: `edeegfhhagag' is up to date.
make: `fahfccchgagf' is up to date.
make: `eacdafcbdegf' is up to date.
make: `ffddfdgecaac' is up to date.
make: `bafdaccdgbbd' is up to date.
make: `fggbabcbaace' is up to date.
make: `dffebfcefdde' is up to date.
make: `acfcbcdhhafa' is up to date.
ecgafadfbgdc
make: `dagghhecfdde' is up to date.
make: `badchceafaea' is up to date.
fcbachdffdae
make: `agddcgechchb' is up to date.
bhbcdgdfeeca hahcggbgfhhd ghcfhdebfahg
make: `deeadhchdacf' is up to date.
make: `fhddffheehcf' is up to date.
make: `dabffghadegd' is up to date.
make: `hghffdbgecec' is up to date.
fbcgfdaefbcf
make: `ebeecdcggfad' is up to date.
make: `ahcdececcbec' is up to date.
make: `hggghggaadch' is up to date.
make: `aehhcfefbfff' is up to date.
make: `dgbcdachacfe' is up to date.
ceddabhffhbb
hacefcfbbbec
make: `eeeffdefadbg' is up to date.
make: `fddfgdggggee' is up to date.
make: `chfdchgahgge' is up to date.
make: `efhchhbgcbge' is up to date.
make: `eeecdfhgdeec' is up to date.
make: `eefhdbfagfeb' is up to date.
make: `hcacadaegage' is up to date.
make: `bedaggagefdd' is up to date.
fbehhacaedee
fhadddbgdahd
make: `bahfgdbbbabf' is up to date.
make: `hedcfbfheaab' is up to date.
afgggddgeefd bheddhbegcae
make: `cdbgfgadfdba' is up to date.
make: `fcehddhafedc' is up to date.
make: `eeecdfhgdeec' is up to date.
make: `heabhdggbhgg' is up to date.
make: `hbhebdcbchhd' is up to date.
bcdcbcdgffbf dcddfbgfeegb
make: `fbcgfdaefbcf' is up to date.
make: `bbbffhhgceda' is up to date.
make: `fehaeeaeccbc' is up to date.
ggfafdbhdahb
fbbbfcaddghe
make: `eeffbggdfgdg' is up to date.
make: `dhddhhdbcfgd' is up to date.
make: `fccededehbcg' is up to date.
make: `eecdcdgagcah' is up to date.
make: `aeghghgdehdb' is up to date.
efgahacehfaa
make: `chbfgbebegdb' is up to date.
make: `bbbffhhgceda' is up to date.
make: `dbbghaefgcha' is up to date.
make: `hdebchbegaab' is up to date.
make: `bhdeabgebgaa' is up to date.
make: `ghebbcfecfhf' is up to date.
make: `fahddgefghbg' is up to date.
make: `geddfgfehegb' is up to date.
make: `hafgedcbabdb' is up to date.
make: `fhcgahedbceg' is up to date.
make: `bcbhccfgdfhh' is up to date.
bhedcbcahfha hdeedbbcegfg
make: `ehfcfgcfhceh' is up to date.
make: `bdhbaaddbddg' is up to date.
fcehfhhdhcad
ababgeehdedc
ggaabbffagff
make: `ggbdgdhfehcc' is up to date.
agbhbfbbdadc
hdghcgaacade
make: `eeacfacaeecf' is up to date.
make: `aggechhfhhea' is up to date.
make: `eheafagaafgc' is up to date.
make: `deeadhchdacf' is up to date.
make: `ecghahfahdhe' is up to date.
make: `ebagdfehcceb' is up to date.
make: `gbhbfffbaehh' is up to date.
make: `bgfgbacadccg' is up to date.
make: `eddffhaggeae' is up to date.
beehafhdcdcb
make: `ghhbeafddeca' is up to date.
make: `afhddbfdfgcf' is up to date.
make: `facaggbcfaeb' is up to date.
hfghehgafbgd
make: `hefebfeeabha' is up to date.
dchfaagahbfb
make: `defdhadfhage' is up to date.
defbhhhhagad
make: `ebfcdgfebebc' is up to date.
cacbbccfcbha
make: `hcbgegbeecca' is up to date.
make: `bdffdgehfgfd' is up to date.
make: `hbgfffdchbea' is up to date.
make: `chfhceefhhgg' is up to date.
make: `cheabacgbddh' is up to date.
ceghgeafgbcd
make: `dhgbebfebbge' is up to date.
gbhgedfhffab caffaffegefc
make: `cdbgfgadfdba' is up to date.
make: `abbafggfffcc' is up to date.
make: `fdcfbghhceeh' is up to date.
bbddhghddddc
hbdegfaeafdh
make: `abbafggfffcc' is up to date.
make: `hbegdbgdbdce' is up to date.
make: `bdfcefadecge' is up to date.
make: `eaghbecgcghb' is up to date.
caacbcdgfafd
make: `fgccaggfheec' is up to date.
bgdehhhheehg
make: `fgcgbhbabcfc' is up to date.
make: `eghfdhbdahhb' is up to date.
make: `dhhghdaadebg' is up to date.
make: `cfccgdgafcgb' is up to date.
debbhaddhbce
make: `dgfdahbhddag' is up to date.
make: `afgbcfhabdbf' is up to date.
make: `adbbhcbgddac' is up to date.
make: `habbfhbbaddg' is up to date.
fegaecheaheh
make: `deechebbaafa' is up to date.
cbdcbheceega
make: `dfagfcdfhfdc' is up to date.
make: `dgchabafcghe' is up to date.
make: `fechfccbdece' is up to date.
make: `bdchfaabcgfh' is up to date.
make: `bfahhedgdhda' is up to date.
make: `gbeehhbhbhdg' is up to date.
make: `dcbcgcebggbe' is up to date.
make: `gedcehdehhfb' is up to date.
make: `edbaebgbfeae' is up to date.
make: `fdccafghahgf' is up to date.
make: `hhdhahfcfdba' is up to date.
bechhbfaefgc
bcefbdfdgefd
chddfagadaca
make: `ahaafdffhheg' is up to date.
make: `chfhceefhhgg' is up to date.
make: `fgbhahheegdg' is up to date.
make: `cfggadbheeab' is up to date.
make: `caaacbehgfcf' is up to date.
make: `hedbghdcfeec' is up to date.
bhagagddagge
make: `beeccahfbdeh' is up to date.
make: `fgcgbhbabcfc' is up to date.
agdegbbhbheh
make: `acdcdbacbecf' is up to date.
make: `bfahhedgdhda' is up to date.
bhaebeheadhf
make: `cghgdbgagghh' is up to date.
make: `dfeecceagbfc' is up to date.
make: `ccgabeehgcda' is up to date.
make: `eaghbecgcghb' is up to date.
make: `fegdccgdafec' is up to date.
make: `bfebhechgggc' is up to date.
make: `bcgbdghhdgbf' is up to date.
make: `bechhbfaefgc' is up to date.
dgafhhebgeag
eheheaehghdg
make: `ahggbcfgfbcg' is up to date.
make: `bdedeadhgdca' is up to date.
make: `dabcedbfchae' is up to date.
hehhehbgdhah dabcfefafdab
make: `cfgeaebcgaeg' is up to date.
edbgheaffbce
make: `dgcdgcehfgeb' is up to date.
make: `egeedcadgefb' is up to date.
make: `ecgafadfbgdc' is up to date.
make: `eeeffdefadbg' is up to date.
make: `egchdghgffcc' is up to date.
make: `deffdbefefbg' is up to date.
make: `ahgbfdbgdaef' is up to date.
dcheaacfaaeh dbfchcdbfcag
make: `bfahhedgdhda' is up to date.
egcggfbgegfd
make: `dgfdahbhddag' is up to date.
cdbgbahhfcce
make: `dffebfcefdde' is up to date.
make: `hfafefdabhhh' is up to date.
make: `cdbgbahhfcce' is up to date.
make: `hbcfeafabeaa' is up to date.
make: `hfeghbddcaed' is up to date.
make: `febacagfhhcg' is up to date.
make: `cchcbbhhbdfa' is up to date.
make: `bdfcefadecge' is up to date.
make: `gaghcbgdbgff' is up to date.
make: `fchfadggbfge' is up to date.
make: `gbghdcdbadbc' is up to date.
eeedfbdgacdd
make: `fdcbffcgegbh' is up to date.
make: `acfdfbafaegd' is up to date.
make: `aggececeaggc' is up to date.
make: `dgheeehdaecf' is up to date.
effhhcheeeag
make: `heafahdbfgdb' is up to date.
make: `cfecfagcbbgb' is up to date.
make: `efhcehabhebc' is up to date.
make: `hbeafccdfafh' is up to date.
make: `fgddfggeechb' is up to date.
