73210 65492 54327 32498 18723 1987 123
68923 56789 73210 61238 57216 51234 45312 42341 32645 65492 23418 14321 19234 54327 32498 1802 12384 18723 1987 123
