1300 1200 1100 1000
1300 1100 1000 1200 1000 900 1100 900 800 1000
