0 7 4 7 9 3 2 9 4 6 9 5 8 2 6 3 3 6 5 0 2 0 5 5 6 2 7 0 1 7 9 8 5 8 1 5 8 6 3 6 1 0 0 7 7 8 2 9 8 8 9 3 3 0 4
