0 7 8 6 9 8 1 6 4 3 5 5 5 0 1 3 8 2 7 3 8 9 7 9 8 0 2 4 2 7 7 3 1 1 4 1 5 3 3 5 1 7 6 3 8 3 9 5 2 7 8 5 0 6 4 9 9 6 3 3 5 1 5 4 4 9 1 7 2 3 4 9 4 8 6 9 3 0 0 6 0 9 4 8
