5 0 1 7 5 2 1 2 5 7 4 6 4 5 1 1 9 9 4 7 8 3 6 3 6 9 0 4 8 4 2 2 7 6 1 6 3 8 2 1 9 1 8 5 5 1 2 6 3 7 9 4 4 6 2 6 8 6 1 8 7 6 7 7 4 2 8 1 3 6 4 3 2 7 1 9 2 2 8 7 5 7 8 7 9 1 3 8 9 7 7 4 6 2 6 9 6 2 3 0 1 1 9 9 9 5 0 1 6 1 1 3 9 6 6 7 7 8 2 2 9 2 1 7 7 5 5 7 5
